
Running 13 tests using 2 workers

  ✘   1 [chromium] › e2e/mobile-ux.spec.ts:21:5 › Mobile UX Verification › Page /reproduction-cle-voiture/ - Mobile SE (320px) checks (1.2s)
  ✘   2 [chromium] › e2e/mobile-ux.spec.ts:21:5 › Mobile UX Verification › Page / - Mobile SE (320px) checks (1.4s)
  ✘   3 [chromium] › e2e/mobile-ux.spec.ts:21:5 › Mobile UX Verification › Page /double-cle-voiture/ - Mobile SE (320px) checks (839ms)
  ✘   4 [chromium] › e2e/mobile-ux.spec.ts:21:5 › Mobile UX Verification › Page /cle-voiture-perdue/ - Mobile SE (320px) checks (812ms)
  ✘   5 [chromium] › e2e/mobile-ux.spec.ts:21:5 › Mobile UX Verification › Page /programmation-cle-voiture/ - Mobile SE (320px) checks (840ms)
  ✘   6 [chromium] › e2e/mobile-ux.spec.ts:21:5 › Mobile UX Verification › Page /refaire-cle-audi/ - Mobile SE (320px) checks (935ms)
  ✘   7 [chromium] › e2e/mobile-ux.spec.ts:21:5 › Mobile UX Verification › Page /refaire-cle-fiat/ - Mobile SE (320px) checks (798ms)
  ✘   8 [chromium] › e2e/mobile-ux.spec.ts:21:5 › Mobile UX Verification › Page /refaire-cle-hyundai/ - Mobile SE (320px) checks (815ms)
  ✘   9 [chromium] › e2e/mobile-ux.spec.ts:21:5 › Mobile UX Verification › Page /refaire-cle-mercedes/ - Mobile SE (320px) checks (800ms)
  ✘  10 [chromium] › e2e/mobile-ux.spec.ts:21:5 › Mobile UX Verification › Page /refaire-cle-renault/ - Mobile SE (320px) checks (793ms)
  ✘  11 [chromium] › e2e/mobile-ux.spec.ts:21:5 › Mobile UX Verification › Page /refaire-cle-toyota/ - Mobile SE (320px) checks (822ms)
  ✘  12 [chromium] › e2e/mobile-ux.spec.ts:21:5 › Mobile UX Verification › Page /serrurier-automobile-nice/ - Mobile SE (320px) checks (803ms)
  ✘  13 [chromium] › e2e/mobile-ux.spec.ts:21:5 › Mobile UX Verification › Page /tarif-cle-voiture/ - Mobile SE (320px) checks (791ms)


  1) [chromium] › e2e/mobile-ux.spec.ts:21:5 › Mobile UX Verification › Page / - Mobile SE (320px) checks 

    Error: Page / has horizontal overflow at 320px. scrollWidth: 331

    [2mexpect([22m[31mreceived[39m[2m).[22mtoBe[2m([22m[32mexpected[39m[2m) // Object.is equality[22m

    Expected: [32mfalse[39m
    Received: [31mtrue[39m

      33 |         return document.documentElement.scrollWidth > document.documentElement.clientWidth + 1; // +1 for subpixel rounding
      34 |       });
    > 35 |       expect(overflow, `Page ${url} has horizontal overflow at 320px. scrollWidth: ${await page.evaluate(() => document.documentElement.scrollWidth)}`).toBe(false);
         |                                                                                                                                                         ^
      36 |
      37 |       // 2. Verify all phone numbers are wrapped in whitespace-nowrap and visible
      38 |       // We look for spans that contain parts of the phone number
        at /Users/aiomi/Documents/Programmes/Sinnes-demo/sinnes-nextjs/e2e/mobile-ux.spec.ts:35:153

    Error Context: test-results/mobile-ux-Mobile-UX-Verifi-2f331-ge---Mobile-SE-320px-checks-chromium/error-context.md

  2) [chromium] › e2e/mobile-ux.spec.ts:21:5 › Mobile UX Verification › Page /reproduction-cle-voiture/ - Mobile SE (320px) checks 

    Error: Page /reproduction-cle-voiture/ has horizontal overflow at 320px. scrollWidth: 331

    [2mexpect([22m[31mreceived[39m[2m).[22mtoBe[2m([22m[32mexpected[39m[2m) // Object.is equality[22m

    Expected: [32mfalse[39m
    Received: [31mtrue[39m

      33 |         return document.documentElement.scrollWidth > document.documentElement.clientWidth + 1; // +1 for subpixel rounding
      34 |       });
    > 35 |       expect(overflow, `Page ${url} has horizontal overflow at 320px. scrollWidth: ${await page.evaluate(() => document.documentElement.scrollWidth)}`).toBe(false);
         |                                                                                                                                                         ^
      36 |
      37 |       // 2. Verify all phone numbers are wrapped in whitespace-nowrap and visible
      38 |       // We look for spans that contain parts of the phone number
        at /Users/aiomi/Documents/Programmes/Sinnes-demo/sinnes-nextjs/e2e/mobile-ux.spec.ts:35:153

    Error Context: test-results/mobile-ux-Mobile-UX-Verifi-cad19-re---Mobile-SE-320px-checks-chromium/error-context.md

  3) [chromium] › e2e/mobile-ux.spec.ts:21:5 › Mobile UX Verification › Page /double-cle-voiture/ - Mobile SE (320px) checks 

    Error: Page /double-cle-voiture/ has horizontal overflow at 320px. scrollWidth: 341

    [2mexpect([22m[31mreceived[39m[2m).[22mtoBe[2m([22m[32mexpected[39m[2m) // Object.is equality[22m

    Expected: [32mfalse[39m
    Received: [31mtrue[39m

      33 |         return document.documentElement.scrollWidth > document.documentElement.clientWidth + 1; // +1 for subpixel rounding
      34 |       });
    > 35 |       expect(overflow, `Page ${url} has horizontal overflow at 320px. scrollWidth: ${await page.evaluate(() => document.documentElement.scrollWidth)}`).toBe(false);
         |                                                                                                                                                         ^
      36 |
      37 |       // 2. Verify all phone numbers are wrapped in whitespace-nowrap and visible
      38 |       // We look for spans that contain parts of the phone number
        at /Users/aiomi/Documents/Programmes/Sinnes-demo/sinnes-nextjs/e2e/mobile-ux.spec.ts:35:153

    Error Context: test-results/mobile-ux-Mobile-UX-Verifi-2cf26-re---Mobile-SE-320px-checks-chromium/error-context.md

  4) [chromium] › e2e/mobile-ux.spec.ts:21:5 › Mobile UX Verification › Page /cle-voiture-perdue/ - Mobile SE (320px) checks 

    Error: Page /cle-voiture-perdue/ has horizontal overflow at 320px. scrollWidth: 331

    [2mexpect([22m[31mreceived[39m[2m).[22mtoBe[2m([22m[32mexpected[39m[2m) // Object.is equality[22m

    Expected: [32mfalse[39m
    Received: [31mtrue[39m

      33 |         return document.documentElement.scrollWidth > document.documentElement.clientWidth + 1; // +1 for subpixel rounding
      34 |       });
    > 35 |       expect(overflow, `Page ${url} has horizontal overflow at 320px. scrollWidth: ${await page.evaluate(() => document.documentElement.scrollWidth)}`).toBe(false);
         |                                                                                                                                                         ^
      36 |
      37 |       // 2. Verify all phone numbers are wrapped in whitespace-nowrap and visible
      38 |       // We look for spans that contain parts of the phone number
        at /Users/aiomi/Documents/Programmes/Sinnes-demo/sinnes-nextjs/e2e/mobile-ux.spec.ts:35:153

    Error Context: test-results/mobile-ux-Mobile-UX-Verifi-25e37-ue---Mobile-SE-320px-checks-chromium/error-context.md

  5) [chromium] › e2e/mobile-ux.spec.ts:21:5 › Mobile UX Verification › Page /programmation-cle-voiture/ - Mobile SE (320px) checks 

    Error: Page /programmation-cle-voiture/ has horizontal overflow at 320px. scrollWidth: 341

    [2mexpect([22m[31mreceived[39m[2m).[22mtoBe[2m([22m[32mexpected[39m[2m) // Object.is equality[22m

    Expected: [32mfalse[39m
    Received: [31mtrue[39m

      33 |         return document.documentElement.scrollWidth > document.documentElement.clientWidth + 1; // +1 for subpixel rounding
      34 |       });
    > 35 |       expect(overflow, `Page ${url} has horizontal overflow at 320px. scrollWidth: ${await page.evaluate(() => document.documentElement.scrollWidth)}`).toBe(false);
         |                                                                                                                                                         ^
      36 |
      37 |       // 2. Verify all phone numbers are wrapped in whitespace-nowrap and visible
      38 |       // We look for spans that contain parts of the phone number
        at /Users/aiomi/Documents/Programmes/Sinnes-demo/sinnes-nextjs/e2e/mobile-ux.spec.ts:35:153

    Error Context: test-results/mobile-ux-Mobile-UX-Verifi-757b3-re---Mobile-SE-320px-checks-chromium/error-context.md

  6) [chromium] › e2e/mobile-ux.spec.ts:21:5 › Mobile UX Verification › Page /refaire-cle-audi/ - Mobile SE (320px) checks 

    Error: Page /refaire-cle-audi/ has horizontal overflow at 320px. scrollWidth: 343

    [2mexpect([22m[31mreceived[39m[2m).[22mtoBe[2m([22m[32mexpected[39m[2m) // Object.is equality[22m

    Expected: [32mfalse[39m
    Received: [31mtrue[39m

      33 |         return document.documentElement.scrollWidth > document.documentElement.clientWidth + 1; // +1 for subpixel rounding
      34 |       });
    > 35 |       expect(overflow, `Page ${url} has horizontal overflow at 320px. scrollWidth: ${await page.evaluate(() => document.documentElement.scrollWidth)}`).toBe(false);
         |                                                                                                                                                         ^
      36 |
      37 |       // 2. Verify all phone numbers are wrapped in whitespace-nowrap and visible
      38 |       // We look for spans that contain parts of the phone number
        at /Users/aiomi/Documents/Programmes/Sinnes-demo/sinnes-nextjs/e2e/mobile-ux.spec.ts:35:153

    Error Context: test-results/mobile-ux-Mobile-UX-Verifi-66b82-di---Mobile-SE-320px-checks-chromium/error-context.md

  7) [chromium] › e2e/mobile-ux.spec.ts:21:5 › Mobile UX Verification › Page /refaire-cle-fiat/ - Mobile SE (320px) checks 

    Error: Page /refaire-cle-fiat/ has horizontal overflow at 320px. scrollWidth: 343

    [2mexpect([22m[31mreceived[39m[2m).[22mtoBe[2m([22m[32mexpected[39m[2m) // Object.is equality[22m

    Expected: [32mfalse[39m
    Received: [31mtrue[39m

      33 |         return document.documentElement.scrollWidth > document.documentElement.clientWidth + 1; // +1 for subpixel rounding
      34 |       });
    > 35 |       expect(overflow, `Page ${url} has horizontal overflow at 320px. scrollWidth: ${await page.evaluate(() => document.documentElement.scrollWidth)}`).toBe(false);
         |                                                                                                                                                         ^
      36 |
      37 |       // 2. Verify all phone numbers are wrapped in whitespace-nowrap and visible
      38 |       // We look for spans that contain parts of the phone number
        at /Users/aiomi/Documents/Programmes/Sinnes-demo/sinnes-nextjs/e2e/mobile-ux.spec.ts:35:153

    Error Context: test-results/mobile-ux-Mobile-UX-Verifi-4995f-at---Mobile-SE-320px-checks-chromium/error-context.md

  8) [chromium] › e2e/mobile-ux.spec.ts:21:5 › Mobile UX Verification › Page /refaire-cle-hyundai/ - Mobile SE (320px) checks 

    Error: Page /refaire-cle-hyundai/ has horizontal overflow at 320px. scrollWidth: 343

    [2mexpect([22m[31mreceived[39m[2m).[22mtoBe[2m([22m[32mexpected[39m[2m) // Object.is equality[22m

    Expected: [32mfalse[39m
    Received: [31mtrue[39m

      33 |         return document.documentElement.scrollWidth > document.documentElement.clientWidth + 1; // +1 for subpixel rounding
      34 |       });
    > 35 |       expect(overflow, `Page ${url} has horizontal overflow at 320px. scrollWidth: ${await page.evaluate(() => document.documentElement.scrollWidth)}`).toBe(false);
         |                                                                                                                                                         ^
      36 |
      37 |       // 2. Verify all phone numbers are wrapped in whitespace-nowrap and visible
      38 |       // We look for spans that contain parts of the phone number
        at /Users/aiomi/Documents/Programmes/Sinnes-demo/sinnes-nextjs/e2e/mobile-ux.spec.ts:35:153

    Error Context: test-results/mobile-ux-Mobile-UX-Verifi-9303a-ai---Mobile-SE-320px-checks-chromium/error-context.md

  9) [chromium] › e2e/mobile-ux.spec.ts:21:5 › Mobile UX Verification › Page /refaire-cle-mercedes/ - Mobile SE (320px) checks 

    Error: Page /refaire-cle-mercedes/ has horizontal overflow at 320px. scrollWidth: 343

    [2mexpect([22m[31mreceived[39m[2m).[22mtoBe[2m([22m[32mexpected[39m[2m) // Object.is equality[22m

    Expected: [32mfalse[39m
    Received: [31mtrue[39m

      33 |         return document.documentElement.scrollWidth > document.documentElement.clientWidth + 1; // +1 for subpixel rounding
      34 |       });
    > 35 |       expect(overflow, `Page ${url} has horizontal overflow at 320px. scrollWidth: ${await page.evaluate(() => document.documentElement.scrollWidth)}`).toBe(false);
         |                                                                                                                                                         ^
      36 |
      37 |       // 2. Verify all phone numbers are wrapped in whitespace-nowrap and visible
      38 |       // We look for spans that contain parts of the phone number
        at /Users/aiomi/Documents/Programmes/Sinnes-demo/sinnes-nextjs/e2e/mobile-ux.spec.ts:35:153

    Error Context: test-results/mobile-ux-Mobile-UX-Verifi-ddc08-es---Mobile-SE-320px-checks-chromium/error-context.md

  10) [chromium] › e2e/mobile-ux.spec.ts:21:5 › Mobile UX Verification › Page /refaire-cle-renault/ - Mobile SE (320px) checks 

    Error: Page /refaire-cle-renault/ has horizontal overflow at 320px. scrollWidth: 343

    [2mexpect([22m[31mreceived[39m[2m).[22mtoBe[2m([22m[32mexpected[39m[2m) // Object.is equality[22m

    Expected: [32mfalse[39m
    Received: [31mtrue[39m

      33 |         return document.documentElement.scrollWidth > document.documentElement.clientWidth + 1; // +1 for subpixel rounding
      34 |       });
    > 35 |       expect(overflow, `Page ${url} has horizontal overflow at 320px. scrollWidth: ${await page.evaluate(() => document.documentElement.scrollWidth)}`).toBe(false);
         |                                                                                                                                                         ^
      36 |
      37 |       // 2. Verify all phone numbers are wrapped in whitespace-nowrap and visible
      38 |       // We look for spans that contain parts of the phone number
        at /Users/aiomi/Documents/Programmes/Sinnes-demo/sinnes-nextjs/e2e/mobile-ux.spec.ts:35:153

    Error Context: test-results/mobile-ux-Mobile-UX-Verifi-b836b-lt---Mobile-SE-320px-checks-chromium/error-context.md

  11) [chromium] › e2e/mobile-ux.spec.ts:21:5 › Mobile UX Verification › Page /refaire-cle-toyota/ - Mobile SE (320px) checks 

    Error: Page /refaire-cle-toyota/ has horizontal overflow at 320px. scrollWidth: 343

    [2mexpect([22m[31mreceived[39m[2m).[22mtoBe[2m([22m[32mexpected[39m[2m) // Object.is equality[22m

    Expected: [32mfalse[39m
    Received: [31mtrue[39m

      33 |         return document.documentElement.scrollWidth > document.documentElement.clientWidth + 1; // +1 for subpixel rounding
      34 |       });
    > 35 |       expect(overflow, `Page ${url} has horizontal overflow at 320px. scrollWidth: ${await page.evaluate(() => document.documentElement.scrollWidth)}`).toBe(false);
         |                                                                                                                                                         ^
      36 |
      37 |       // 2. Verify all phone numbers are wrapped in whitespace-nowrap and visible
      38 |       // We look for spans that contain parts of the phone number
        at /Users/aiomi/Documents/Programmes/Sinnes-demo/sinnes-nextjs/e2e/mobile-ux.spec.ts:35:153

    Error Context: test-results/mobile-ux-Mobile-UX-Verifi-8a3c5-ta---Mobile-SE-320px-checks-chromium/error-context.md

  12) [chromium] › e2e/mobile-ux.spec.ts:21:5 › Mobile UX Verification › Page /serrurier-automobile-nice/ - Mobile SE (320px) checks 

    Error: Page /serrurier-automobile-nice/ has horizontal overflow at 320px. scrollWidth: 331

    [2mexpect([22m[31mreceived[39m[2m).[22mtoBe[2m([22m[32mexpected[39m[2m) // Object.is equality[22m

    Expected: [32mfalse[39m
    Received: [31mtrue[39m

      33 |         return document.documentElement.scrollWidth > document.documentElement.clientWidth + 1; // +1 for subpixel rounding
      34 |       });
    > 35 |       expect(overflow, `Page ${url} has horizontal overflow at 320px. scrollWidth: ${await page.evaluate(() => document.documentElement.scrollWidth)}`).toBe(false);
         |                                                                                                                                                         ^
      36 |
      37 |       // 2. Verify all phone numbers are wrapped in whitespace-nowrap and visible
      38 |       // We look for spans that contain parts of the phone number
        at /Users/aiomi/Documents/Programmes/Sinnes-demo/sinnes-nextjs/e2e/mobile-ux.spec.ts:35:153

    Error Context: test-results/mobile-ux-Mobile-UX-Verifi-02576-ce---Mobile-SE-320px-checks-chromium/error-context.md

  13) [chromium] › e2e/mobile-ux.spec.ts:21:5 › Mobile UX Verification › Page /tarif-cle-voiture/ - Mobile SE (320px) checks 

    Error: Page /tarif-cle-voiture/ has horizontal overflow at 320px. scrollWidth: 331

    [2mexpect([22m[31mreceived[39m[2m).[22mtoBe[2m([22m[32mexpected[39m[2m) // Object.is equality[22m

    Expected: [32mfalse[39m
    Received: [31mtrue[39m

      33 |         return document.documentElement.scrollWidth > document.documentElement.clientWidth + 1; // +1 for subpixel rounding
      34 |       });
    > 35 |       expect(overflow, `Page ${url} has horizontal overflow at 320px. scrollWidth: ${await page.evaluate(() => document.documentElement.scrollWidth)}`).toBe(false);
         |                                                                                                                                                         ^
      36 |
      37 |       // 2. Verify all phone numbers are wrapped in whitespace-nowrap and visible
      38 |       // We look for spans that contain parts of the phone number
        at /Users/aiomi/Documents/Programmes/Sinnes-demo/sinnes-nextjs/e2e/mobile-ux.spec.ts:35:153

    Error Context: test-results/mobile-ux-Mobile-UX-Verifi-8f310-re---Mobile-SE-320px-checks-chromium/error-context.md

  13 failed
    [chromium] › e2e/mobile-ux.spec.ts:21:5 › Mobile UX Verification › Page / - Mobile SE (320px) checks 
    [chromium] › e2e/mobile-ux.spec.ts:21:5 › Mobile UX Verification › Page /reproduction-cle-voiture/ - Mobile SE (320px) checks 
    [chromium] › e2e/mobile-ux.spec.ts:21:5 › Mobile UX Verification › Page /double-cle-voiture/ - Mobile SE (320px) checks 
    [chromium] › e2e/mobile-ux.spec.ts:21:5 › Mobile UX Verification › Page /cle-voiture-perdue/ - Mobile SE (320px) checks 
    [chromium] › e2e/mobile-ux.spec.ts:21:5 › Mobile UX Verification › Page /programmation-cle-voiture/ - Mobile SE (320px) checks 
    [chromium] › e2e/mobile-ux.spec.ts:21:5 › Mobile UX Verification › Page /refaire-cle-audi/ - Mobile SE (320px) checks 
    [chromium] › e2e/mobile-ux.spec.ts:21:5 › Mobile UX Verification › Page /refaire-cle-fiat/ - Mobile SE (320px) checks 
    [chromium] › e2e/mobile-ux.spec.ts:21:5 › Mobile UX Verification › Page /refaire-cle-hyundai/ - Mobile SE (320px) checks 
    [chromium] › e2e/mobile-ux.spec.ts:21:5 › Mobile UX Verification › Page /refaire-cle-mercedes/ - Mobile SE (320px) checks 
    [chromium] › e2e/mobile-ux.spec.ts:21:5 › Mobile UX Verification › Page /refaire-cle-renault/ - Mobile SE (320px) checks 
    [chromium] › e2e/mobile-ux.spec.ts:21:5 › Mobile UX Verification › Page /refaire-cle-toyota/ - Mobile SE (320px) checks 
    [chromium] › e2e/mobile-ux.spec.ts:21:5 › Mobile UX Verification › Page /serrurier-automobile-nice/ - Mobile SE (320px) checks 
    [chromium] › e2e/mobile-ux.spec.ts:21:5 › Mobile UX Verification › Page /tarif-cle-voiture/ - Mobile SE (320px) checks 
